// Jest Snapshot v1, https://jestjs.io/docs/snapshot-testing

exports[`regex constants match snapshot 1`] = `
{
  "REGEX": {
    "digits": /\\^\\\\d\\*\\$/,
    "email": /\\^\\[\\^\\\\s@\\]\\+@\\[\\^\\\\s@\\]\\+\\\\\\.\\[\\^\\\\s@\\]\\+\\$/,
    "hasDigits": /\\\\d/,
    "hasLetters": /\\[a-zA-Zа-яА-ЯёЁіІїЇєЄґҐ\\]/,
    "name": /\\^\\[a-zA-Zа-яА-ЯёЁіІїЇєЄґҐ\\]\\+\\(\\?:\\['-\\]\\[a-zA-Zа-яА-ЯёЁіІїЇєЄґҐ\\]\\+\\)\\*\\$/,
    "phoneNumber": /\\^\\\\\\+\\?\\[0-9\\\\s\\\\-\\(\\)\\]\\{7,20\\}\\$/,
    "string": /\\^\\[a-zA-Zа-яА-ЯёЁіІїЇєЄґҐ\\\\s\\]\\+\\$/,
    "telegram": /\\^@\\?\\[a-zA-Z0-9_\\]\\{5,32\\}\\$/,
    "userName": /\\^\\[a-zA-Z0-9_\\]\\{3,20\\}\\$/,
  },
}
`;
